Wed Sep 23 17:31:07 UTC 2026 :: 15752 :: activity
Wed Sep 23 17:34:39 UTC 2026 :: 28746 :: activity
Wed Sep 23 17:36:12 UTC 2026 :: 10028 :: activity
Wed Sep 23 17:38:01 UTC 2026 :: 19314 :: activity
Thu Sep 24 04:42:52 UTC 2026 :: 15531 :: activity
Thu Sep 24 04:44:29 UTC 2026 :: 29653 :: activity
Thu Sep 24 04:45:52 UTC 2026 :: 11068 :: activity
Thu Sep 24 11:55:33 UTC 2026 :: 17008 :: activity
Thu Sep 24 12:00:14 UTC 2026 :: 28951 :: activity
Thu Sep 24 12:03:43 UTC 2026 :: 32559 :: activity
Thu Sep 24 12:09:00 UTC 2026 :: 13951 :: activity
Thu Sep 24 17:25:01 UTC 2026 :: 32633 :: activity
Thu Sep 24 17:28:40 UTC 2026 :: 18208 :: activity
Thu Sep 24 17:30:20 UTC 2026 :: 268 :: activity
Thu Sep 24 17:37:07 UTC 2026 :: 27426 :: activity
Thu Sep 24 21:37:05 UTC 2026 :: 4727 :: activity
Fri Sep 25 05:07:22 UTC 2026 :: 28860 :: activity
Fri Sep 25 05:09:00 UTC 2026 :: 1120 :: activity
Fri Sep 25 11:53:54 UTC 2026 :: 24444 :: activity
Fri Sep 25 11:55:53 UTC 2026 :: 22460 :: activity
Fri Sep 25 11:56:42 UTC 2026 :: 5690 :: activity
Fri Sep 25 11:59:21 UTC 2026 :: 28038 :: activity
Fri Sep 25 12:04:40 UTC 2026 :: 6862 :: activity
Fri Sep 25 12:05:40 UTC 2026 :: 22807 :: activity
Fri Sep 25 17:21:50 UTC 2026 :: 8153 :: activity
Fri Sep 25 17:23:54 UTC 2026 :: 22251 :: activity
Fri Sep 25 17:27:28 UTC 2026 :: 6377 :: activity
Fri Sep 25 17:29:53 UTC 2026 :: 24031 :: activity
Fri Sep 25 17:32:45 UTC 2026 :: 541 :: activity
Fri Sep 25 17:33:43 UTC 2026 :: 27417 :: activity
Sat Sep 26 11:53:06 UTC 2026 :: 3982 :: activity
Sat Sep 26 11:53:49 UTC 2026 :: 6156 :: activity
Sat Sep 26 11:57:07 UTC 2026 :: 866 :: activity
Sat Sep 26 12:01:20 UTC 2026 :: 5236 :: activity
Sat Sep 26 12:02:43 UTC 2026 :: 4119 :: activity
Sat Sep 26 12:05:59 UTC 2026 :: 15401 :: activity
Sat Sep 26 16:17:30 UTC 2026 :: 29871 :: activity
Sat Sep 26 16:22:28 UTC 2026 :: 24873 :: activity
Sat Sep 26 16:24:42 UTC 2026 :: 30759 :: activity
Sat Sep 26 16:38:43 UTC 2026 :: 26739 :: activity
Sat Sep 26 16:39:44 UTC 2026 :: 20029 :: activity
Sat Sep 26 16:40:48 UTC 2026 :: 24788 :: activity
Sat Sep 26 21:34:47 UTC 2026 :: 8920 :: activity
Sun Sep 27 00:02:16 UTC 2026 :: 2424 :: activity
Sun Sep 27 00:04:04 UTC 2026 :: 25546 :: activity
Sun Sep 27 05:34:15 UTC 2026 :: 13393 :: activity
Sun Sep 27 05:35:00 UTC 2026 :: 3351 :: activity
Sun Sep 27 05:40:10 UTC 2026 :: 28655 :: activity
Sun Sep 27 05:46:31 UTC 2026 :: 7726 :: activity
Sun Sep 27 05:51:25 UTC 2026 :: 2825 :: activity
Sun Sep 27 11:54:30 UTC 2026 :: 31051 :: activity
Sun Sep 27 11:55:11 UTC 2026 :: 4582 :: activity
Sun Sep 27 11:56:55 UTC 2026 :: 2388 :: activity
Sun Sep 27 11:59:20 UTC 2026 :: 26567 :: activity
Sun Sep 27 12:01:10 UTC 2026 :: 8378 :: activity
Sun Sep 27 12:03:45 UTC 2026 :: 13130 :: activity
Sun Sep 27 17:28:51 UTC 2026 :: 9504 :: activity
Sun Sep 27 17:29:25 UTC 2026 :: 28609 :: activity
Sun Sep 27 17:35:12 UTC 2026 :: 26753 :: activity
Mon Sep 28 05:09:09 UTC 2026 :: 2927 :: activity
Mon Sep 28 13:41:38 UTC 2026 :: 8241 :: activity
Mon Sep 28 13:42:58 UTC 2026 :: 18098 :: activity
Mon Sep 28 13:44:12 UTC 2026 :: 20757 :: activity
Mon Sep 28 13:50:25 UTC 2026 :: 4476 :: activity
Mon Sep 28 21:53:18 UTC 2026 :: 21963 :: activity
Tue Sep 29 06:06:20 UTC 2026 :: 9819 :: activity
Tue Sep 29 06:15:01 UTC 2026 :: 15676 :: activity
Tue Sep 29 06:15:59 UTC 2026 :: 5326 :: activity
Tue Sep 29 13:14:20 UTC 2026 :: 9080 :: activity
Tue Sep 29 13:17:18 UTC 2026 :: 19856 :: activity
Tue Sep 29 13:23:54 UTC 2026 :: 2284 :: activity
